src/chat/command-executor.ts(299,38): error TS2345: Argument of type 'number' is not assignable to parameter of type 'string'.
src/chat/command-executor.ts(323,30): error TS2345: Argument of type 'number' is not assignable to parameter of type 'string'.
src/chat/command-executor.ts(364,40): error TS2345: Argument of type 'number' is not assignable to parameter of type 'string'.
src/chat/command-executor.ts(380,36): error TS2345: Argument of type 'number' is not assignable to parameter of type 'string'.
src/chat/command-executor.ts(402,36): error TS2345: Argument of type 'number' is not assignable to parameter of type 'string'.
src/chat/command-executor.ts(471,26): error TS2345: Argument of type 'number' is not assignable to parameter of type 'string'.
src/chat/command-executor.ts(486,26): error TS2345: Argument of type 'number' is not assignable to parameter of type 'string'.
src/chat/command-executor.ts(825,49): error TS2345: Argument of type 'number' is not assignable to parameter of type 'string'.
src/chat/command-executor.ts(891,38): error TS2345: Argument of type 'number' is not assignable to parameter of type 'string'.
src/chat/command-executor.ts(931,36): error TS2345: Argument of type 'number' is not assignable to parameter of type 'string'.
src/chat/command-executor.ts(1006,32): error TS2345: Argument of type 'number' is not assignable to parameter of type 'string'.
src/chat/command-executor.ts(1016,32): error TS2345: Argument of type 'number' is not assignable to parameter of type 'string'.
src/chat/command-executor.ts(1039,26): error TS2345: Argument of type 'number' is not assignable to parameter of type 'string'.
src/chat/command-executor.ts(1191,49): error TS2345: Argument of type 'number' is not assignable to parameter of type 'string'.
src/chat/command-executor.ts(1701,55): error TS2345: Argument of type 'string' is not assignable to parameter of type 'number'.
src/chat/command-executor.ts(1706,51): error TS2345: Argument of type 'string' is not assignable to parameter of type 'number'.
src/chat/command-executor.ts(1764,43): error TS2345: Argument of type 'string' is not assignable to parameter of type 'number'.
src/chat/command-executor.ts(1767,48): error TS2345: Argument of type 'string' is not assignable to parameter of type 'number'.
src/chat/command-executor.ts(1770,50): error TS2345: Argument of type 'string' is not assignable to parameter of type 'number'.
src/chat/command-executor.ts(1774,48): error TS2345: Argument of type 'string' is not assignable to parameter of type 'number'.
src/chat/command-executor.ts(1777,48): error TS2345: Argument of type 'string' is not assignable to parameter of type 'number'.
src/chat/command-executor.ts(1780,47): error TS2345: Argument of type 'string' is not assignable to parameter of type 'number'.
src/chat/command-executor.ts(1783,46): error TS2345: Argument of type 'string' is not assignable to parameter of type 'number'.
src/chat/command-executor.ts(1786,47): error TS2345: Argument of type 'string' is not assignable to parameter of type 'number'.
src/chat/command-executor.ts(1789,47): error TS2345: Argument of type 'string' is not assignable to parameter of type 'number'.
src/chat/command-executor.ts(1793,48): error TS2345: Argument of type 'string' is not assignable to parameter of type 'number'.
src/chat/command-executor.ts(1796,53): error TS2345: Argument of type 'string' is not assignable to parameter of type 'number'.
src/chat/command-executor.ts(1799,51): error TS2345: Argument of type 'string' is not assignable to parameter of type 'number'.
src/chat/command-executor.ts(1802,51): error TS2345: Argument of type 'string' is not assignable to parameter of type 'number'.
src/chat/command-executor.ts(1805,51): error TS2345: Argument of type 'string' is not assignable to parameter of type 'number'.
src/chat/command-executor.ts(1808,51): error TS2345: Argument of type 'string' is not assignable to parameter of type 'number'.
src/chat/command-executor.ts(1829,53): error TS2345: Argument of type 'string' is not assignable to parameter of type 'number'.
src/chat/command-executor.ts(1832,52): error TS2345: Argument of type 'string' is not assignable to parameter of type 'number'.
src/chat/command-executor.ts(1835,48): error TS2345: Argument of type 'string' is not assignable to parameter of type 'number'.
src/chat/command-executor.ts(1838,51): error TS2345: Argument of type 'string' is not assignable to parameter of type 'number'.
src/chat/command-executor.ts(1841,48): error TS2345: Argument of type 'string' is not assignable to parameter of type 'number'.
src/chat/command-executor.ts(1844,57): error TS2345: Argument of type 'string' is not assignable to parameter of type 'number'.
src/chat/command-executor.ts(1847,55): error TS2345: Argument of type 'string' is not assignable to parameter of type 'number'.
src/chat/command-executor.ts(1851,57): error TS2345: Argument of type 'string' is not assignable to parameter of type 'number'.
src/chat/command-executor.ts(1854,52): error TS2345: Argument of type 'string' is not assignable to parameter of type 'number'.
src/chat/command-executor.ts(1858,54): error TS2345: Argument of type 'string' is not assignable to parameter of type 'number'.
src/chat/command-executor.ts(1861,64): error TS2345: Argument of type 'string' is not assignable to parameter of type 'number'.
