fga : # Test Summary #
At line:1 char:1
+ fga model test --tests 
tests.fga.yaml > 
test_output.txt 2>&1
+ ~~~~~~~~~~~~~~~~~~~~~~~~~~~
~~~~~~~~~~~~~~~~~~~~~~~~~~~~~
~~~~
    + CategoryInfo           
   : NotSpe    cified: (# 
Test     Summary #:String    
) [], RemoteExce    ption
    + FullyQualified    
ErrorId : Native    
CommandError
 
Tests 6/6 passing
Checks 18/18 passing
